(uart_test.uart_snd) UART INFO: Data bus width is 32. Debug Interface present.
(uart_test.uart_rcv) UART INFO: Data bus width is 32. Debug Interface present.
Data bus is 32-bit. UART uses 5-bit addr.
INFO: WISHBONE MASTER MODEL INSTANTIATED (uart_test.wbm)
INFO: WISHBONE MASTER MODEL INSTANTIATED (uart_test.wbm1)
uart_test :               146000 : sending : 81
uart_test :               205000 : sending : 42
uart_test :              7206000 : Data out: 00000081
uart_test :              7256000 : Data out: 00000042
uart_test : Finish